// Jest Snapshot v1, https://goo.gl/fbAQLP

exports[`AnimalDefinitionLoader should render properly 1`] = `
<div>
  <form>
    <input
      className="form-control"
      onChange={[Function]}
      type="file"
    />
  </form>
</div>
`;
