// Jest Snapshot v1, https://goo.gl/fbAQLP

exports[`AttributeGroup should render properly 1`] = `
<table
  className="table table-striped"
>
  <thead>
    <tr
      className="row"
    >
      <th
        className="attribute-type col-sm-12"
        colSpan="3"
      >
        attributeType
      </th>
    </tr>
  </thead>
  <tbody>
    <Attribute
      attribute={
        Attribute {
          "_name": "a",
          "_value": true,
        }
      }
      key="0"
      onAttributeChange={[Function]}
      type="attributeType"
    />
    <Attribute
      attribute={
        Attribute {
          "_name": "b",
          "_value": false,
        }
      }
      key="1"
      onAttributeChange={[Function]}
      type="attributeType"
    />
    <Attribute
      attribute={
        Attribute {
          "_name": "c",
          "_value": true,
        }
      }
      key="2"
      onAttributeChange={[Function]}
      type="attributeType"
    />
    <Attribute
      attribute={
        Attribute {
          "_name": "d",
          "_value": false,
        }
      }
      key="3"
      onAttributeChange={[Function]}
      type="attributeType"
    />
    <NewAttributeValue
      attributeType="attributeType"
      newAttributeIndex={4}
      onNewAttributeAdded={[Function]}
    />
  </tbody>
</table>
`;
